Microchip MPLAB XC8 Compiler V2.05 ()

Linker command line:

-W-3 --edf=C:\Program Files (x86)\Microchip\xc8\v2.05\pic\dat\en_msgs.txt \
  -cs -h+dist/PIC16F1575/production\NRF24L01_Lib.X.production.sym \
  --cmf=dist/PIC16F1575/production\NRF24L01_Lib.X.production.cmf -z \
  -Q16F1575 -oC:\Users\NCHOMM~1\AppData\Local\Temp\sga0.2 \
  --defsym=__MPLAB_BUILD=1 \
  -Mdist/PIC16F1575/production/NRF24L01_Lib.X.production.map -E1 -ver=XC8 \
  --acfsm=1493 -ASTACK=02058h-023DFh -pstack=STACK -ACODE=00h-07FFhx4 \
  -ASTRCODE=00h-01FFFh -ASTRING=00h-0FFhx32 -ACONST=00h-0FFhx32 \
  -AENTRY=00h-0FFhx32 -ACOMMON=070h-07Fh -ABANK0=020h-06Fh \
  -ABANK1=0A0h-0EFh -ABANK2=0120h-016Fh -ABANK3=01A0h-01EFh \
  -ABANK4=0220h-026Fh -ABANK5=02A0h-02EFh -ABANK6=0320h-036Fh \
  -ABANK7=03A0h-03EFh -ABANK8=0420h-046Fh -ABANK9=04A0h-04EFh \
  -ABANK10=0520h-056Fh -ABANK11=05A0h-05EFh -ABANK12=0620h-063Fh \
  -ABIGRAM=02000h-023DFh \
  -ARAM=020h-06Fh,0A0h-0EFh,0120h-016Fh,01A0h-01EFh,0220h-026Fh,02A0h-02EFh,0320h-036Fh,03A0h-03EFh,0420h-046Fh,04A0h-04EFh,0520h-056Fh,05A0h-05EFh,0620h-063Fh \
  -AABS1=020h-07Fh,0A0h-0EFh,0120h-016Fh,01A0h-01EFh,0220h-026Fh,02A0h-02EFh,0320h-036Fh,03A0h-03EFh,0420h-046Fh,04A0h-04EFh,0520h-056Fh,05A0h-05EFh,0620h-063Fh \
  -ASFR0=00h-01Fh -ASFR1=080h-09Fh -ASFR2=0100h-011Fh -ASFR3=0180h-019Fh \
  -ASFR4=0200h-021Fh -ASFR5=0280h-029Fh -ASFR6=0300h-031Fh \
  -ASFR7=0380h-039Fh -ASFR8=0400h-041Fh -ASFR9=0480h-049Fh \
  -ASFR10=0500h-051Fh -ASFR11=0580h-059Fh -ASFR12=0600h-061Fh \
  -ASFR13=0680h-06EFh -ASFR14=0700h-076Fh -ASFR15=0780h-07EFh \
  -ASFR16=0800h-086Fh -ASFR17=0880h-08EFh -ASFR18=0900h-096Fh \
  -ASFR19=0980h-09EFh -ASFR20=0A00h-0A6Fh -ASFR21=0A80h-0AEFh \
  -ASFR22=0B00h-0B6Fh -ASFR23=0B80h-0BEFh -ASFR24=0C00h-0C6Fh \
  -ASFR25=0C80h-0CEFh -ASFR26=0D00h-0D6Fh -ASFR27=0D80h-0DEFh \
  -ASFR28=0E00h-0E6Fh -ASFR29=0E80h-0EEFh -ASFR30=0F00h-0F6Fh \
  -ASFR31=0F80h-0FEFh -preset_vec=00h,intentry=04h,init,end_init \
  -ppowerup=CODE -pcinit=CODE -pfunctab=ENTRY -ACONFIG=08007h-08008h \
  -pconfig=CONFIG -DCONFIG=2 -AIDLOC=08000h-08003h -pidloc=IDLOC -DIDLOC=2 \
  -DCODE=2 -DSTRCODE=2 -DSTRING=2 -DCONST=2 -DENTRY=2 -k \
  C:\Users\NCHOMM~1\AppData\Local\Temp\sga0.o \
  dist/PIC16F1575/production\NRF24L01_Lib.X.production.o 

Object code version is 3.11

Machine type is 16F1575



                Name                               Link     Load   Length Selector   Space Scale
C:\Users\NCHOMM~1\AppData\Local\Temp\sga0.o
                end_init                             14       14        2        8       0
                reset_vec                             0        0        2        0       0
                config                             8007     8007        2    1000E       0
dist/PIC16F1575/production\NRF24L01_Lib.X.production.o
                cinit                                16       16       17        8       0
                intentry                              4        4       10        8       0
                text34                              5A1      5A1        1      A5C       0
                text33                              53C      53C        D      A5C       0
                text32                              58F      58F        6      A5C       0
                text31                              589      589        6      A5C       0
                text30                              52E      52E        E      A5C       0
                text28                              549      549        8      A5C       0
                text27                              44C      44C       21      25A       0
                text26                              558      558        7      A5C       0
                text25                              583      583        6      A5C       0
                text24                              46D      46D       1F      25A       0
                text23                              36B      36B       35      25A       0
                text22                              3D1      3D1       2E      25A       0
                text21                              3FF      3FF       2C      25A       0
                text20                              2D7      2D7       52      25A       0
                text19                              329      329       42      25A       0
                text18                              1F4      1F4       72      25A       0
                text17                              12D      12D       C7      25A       0
                text16                              57D      57D        6      A5C       0
                text15                              59C      59C        3      A5C       0
                text14                              599      599        3      A5C       0
                text13                              577      577        6      A5C       0
                text12                              571      571        6      A5C       0
                text11                              56B      56B        6      A5C       0
                text10                              42B      42B       21      25A       0
                text9                               551      551        7      A5C       0
                text8                               565      565        6      A5C       0
                text7                               3A0      3A0       31      25A       0
                text6                               4A4      4A4       18      948       0
                text5                               55F      55F        6      A5C       0
                text4                               4BC      4BC       17      948       0
                text3                               4FA      4FA       12      9F4       0
                text2                               595      595        4      A5C       0
                text1                               4D3      4D3       15      948       0
                maintext                            266      266       71      25A       0
                cstackBANK0                          20       20       3C       20       1
                cstackCOMMON                         70       70        E       70       1
                dataBANK0                            6D       6D        2       20       1
                bssBANK0                             5C       5C        C       20       1
                stringtext5                         51D      51D       11      A18       0
                stringtext4                         50C      50C       11      A18       0
                stringtext3                         4E8      4E8       12      9D0       0
                stringtext2                         48C      48C       18      918       0
                nvBANK1                              A0       A0        8       A0       1
                nvBANK0                              68       68        5       20       1
                stringtext1                          2D       2D      100       5A       0
                idataBANK0                          59F      59F        2      A5C       0

TOTAL           Name                               Link     Load   Length     Space
        CLASS   STACK          

        CLASS   CODE           
                end_init                             14       14        2         0
                cinit                                16       16       17         0
                intentry                              4        4       10         0
                reset_vec                             0        0        2         0
                text34                              5A1      5A1        1         0
                text33                              53C      53C        D         0
                text32                              58F      58F        6         0
                text31                              589      589        6         0
                text30                              52E      52E        E         0
                text28                              549      549        8         0
                text27                              44C      44C       21         0
                text26                              558      558        7         0
                text25                              583      583        6         0
                text24                              46D      46D       1F         0
                text23                              36B      36B       35         0
                text22                              3D1      3D1       2E         0
                text21                              3FF      3FF       2C         0
                text20                              2D7      2D7       52         0
                text19                              329      329       42         0
                text18                              1F4      1F4       72         0
                text17                              12D      12D       C7         0
                text16                              57D      57D        6         0
                text15                              59C      59C        3         0
                text14                              599      599        3         0
                text13                              577      577        6         0
                text12                              571      571        6         0
                text11                              56B      56B        6         0
                text10                              42B      42B       21         0
                text9                               551      551        7         0
                text8                               565      565        6         0
                text7                               3A0      3A0       31         0
                text6                               4A4      4A4       18         0
                text5                               55F      55F        6         0
                text4                               4BC      4BC       17         0
                text3                               4FA      4FA       12         0
                text2                               595      595        4         0
                text1                               4D3      4D3       15         0
                maintext                            266      266       71         0
                idataBANK0                          59F      59F        2         0

        CLASS   STRCODE        
                stringtext5                         51D      51D       11         0
                stringtext4                         50C      50C       11         0
                stringtext3                         4E8      4E8       12         0
                stringtext2                         48C      48C       18         0
                stringtext1                          2D       2D      100         0

        CLASS   STRING         

        CLASS   CONST          

        CLASS   ENTRY          

        CLASS   COMMON         
                cstackCOMMON                         70       70        E         1

        CLASS   BANK0          
                cstackBANK0                          20       20       3C         1
                dataBANK0                            6D       6D        2         1
                bssBANK0                             5C       5C        C         1
                nvBANK0                              68       68        5         1

        CLASS   BANK1          
                nvBANK1                              A0       A0        8         1

        CLASS   BANK2          

        CLASS   BANK3          

        CLASS   BANK4          

        CLASS   BANK5          

        CLASS   BANK6          

        CLASS   BANK7          

        CLASS   BANK8          

        CLASS   BANK9          

        CLASS   BANK10         

        CLASS   BANK11         

        CLASS   BANK12         

        CLASS   BIGRAM         

        CLASS   RAM            

        CLASS   ABS1           
                abs_s1                               7E       7E        2         1

        CLASS   SFR0           

        CLASS   SFR1           

        CLASS   SFR2           

        CLASS   SFR3           

        CLASS   SFR4           

        CLASS   SFR5           

        CLASS   SFR6           

        CLASS   SFR7           

        CLASS   SFR8           

        CLASS   SFR9           

        CLASS   SFR10          

        CLASS   SFR11          

        CLASS   SFR12          

        CLASS   SFR13          

        CLASS   SFR14          

        CLASS   SFR15          

        CLASS   SFR16          

        CLASS   SFR17          

        CLASS   SFR18          

        CLASS   SFR19          

        CLASS   SFR20          

        CLASS   SFR21          

        CLASS   SFR22          

        CLASS   SFR23          

        CLASS   SFR24          

        CLASS   SFR25          

        CLASS   SFR26          

        CLASS   SFR27          

        CLASS   SFR28          

        CLASS   SFR29          

        CLASS   SFR30          

        CLASS   SFR31          

        CLASS   CONFIG         
                config                             8007     8007        2         0

        CLASS   IDLOC          

        CLASS   BANK31         

        CLASS   BANK30         

        CLASS   BANK29         

        CLASS   BANK28         

        CLASS   BANK27         

        CLASS   BANK26         

        CLASS   BANK25         

        CLASS   BANK24         

        CLASS   BANK23         

        CLASS   BANK22         

        CLASS   BANK21         

        CLASS   BANK20         

        CLASS   BANK19         

        CLASS   BANK18         

        CLASS   BANK17         

        CLASS   BANK16         

        CLASS   BANK15         

        CLASS   BANK14         

        CLASS   BANK13         

        CLASS   EEDATA         



SEGMENTS        Name                           Load    Length   Top    Selector   Space  Class     Delta

                reset_vec                      000000  000002  000002         0       0  CODE        2
                intentry                       000004  000029  00002D         8       0  CODE        2
                cstackBANK0                    000020  00004F  00006F        20       1  BANK0       1
                stringtext1                    00002D  000100  00012D        5A       0  STRCODE     2
                cstackCOMMON                   000070  00000E  00007E        70       1  COMMON      1
                nvBANK1                        0000A0  000008  0000A8        A0       1  BANK1       1
                text17                         00012D  00035F  00048C       25A       0  CODE        2
                stringtext2                    00048C  000018  0004A4       918       0  STRCODE     2
                text6                          0004A4  000044  0004E8       948       0  CODE        2
                stringtext3                    0004E8  000012  0004FA       9D0       0  STRCODE     2
                text3                          0004FA  000012  00050C       9F4       0  CODE        2
                stringtext4                    00050C  000022  00052E       A18       0  STRCODE     2
                text30                         00052E  000074  0005A2       A5C       0  CODE        2
                config                         008007  000002  008009     1000E       0  CONFIG      2


UNUSED ADDRESS RANGES

        Name                Unused          Largest block    Delta
        BANK0            0006F-0006F               1           1
        BANK1            000A8-000EF              48           1
        BANK10           00520-0056F              50           1
        BANK11           005A0-005EF              50           1
        BANK12           00620-0063F              20           1
        BANK2            00120-0016F              50           1
        BANK3            001A0-001EF              50           1
        BANK4            00220-0026F              50           1
        BANK5            002A0-002EF              50           1
        BANK6            00320-0036F              50           1
        BANK7            003A0-003EF              50           1
        BANK8            00420-0046F              50           1
        BANK9            004A0-004EF              50           1
        BIGRAM           02000-023DF             3E0           1
        CODE             00002-00003               2           2
                         005A2-01FFF             800
        CONST            00002-00003               2           2
                         005A2-01FFF             100
        ENTRY            00002-00003               2           2
                         005A2-01FFF             100
        IDLOC            08000-08003               4           2
        RAM              0006F-0006F               1           1
                         000A8-000EF              48
                         00120-0016F              50
                         001A0-001EF              50
                         00220-0026F              50
                         002A0-002EF              50
                         00320-0036F              50
                         003A0-003EF              50
                         00420-0046F              50
                         004A0-004EF              50
                         00520-0056F              50
                         005A0-005EF              50
                         00620-0063F              20
        SFR0             00000-0001F              20           1
        SFR1             00080-0009F              20           1
        SFR10            00500-0051F              20           1
        SFR11            00580-0059F              20           1
        SFR12            00600-0061F              20           1
        SFR13            00680-006EF              70           1
        SFR14            00700-0076F              70           1
        SFR15            00780-007EF              70           1
        SFR16            00800-0086F              70           1
        SFR17            00880-008EF              70           1
        SFR18            00900-0096F              70           1
        SFR19            00980-009EF              70           1
        SFR2             00100-0011F              20           1
        SFR20            00A00-00A6F              70           1
        SFR21            00A80-00AEF              70           1
        SFR22            00B00-00B6F              70           1
        SFR23            00B80-00BEF              70           1
        SFR24            00C00-00C6F              70           1
        SFR25            00C80-00CEF              70           1
        SFR26            00D00-00D6F              70           1
        SFR27            00D80-00DEF              70           1
        SFR28            00E00-00E6F              70           1
        SFR29            00E80-00EEF              70           1
        SFR3             00180-0019F              20           1
        SFR30            00F00-00F6F              70           1
        SFR31            00F80-00FEF              70           1
        SFR4             00200-0021F              20           1
        SFR5             00280-0029F              20           1
        SFR6             00300-0031F              20           1
        SFR7             00380-0039F              20           1
        SFR8             00400-0041F              20           1
        SFR9             00480-0049F              20           1
        STACK            02058-023DF             388           1
        STRCODE          00002-00003               2           2
                         005A2-01FFF            1A5E
        STRING           00002-00003               2           2
                         005A2-01FFF             100

                                  Symbol Table

?___lldiv                                      cstackCOMMON 00070
?___llmod                                      cstackCOMMON 00070
EUSART_SetErrorHandler@interruptHandler        cstackCOMMON 00070
EUSART_SetFramingErrorHandler@interruptHandler cstackCOMMON 00070
EUSART_SetOverrunErrorHandler@interruptHandler cstackCOMMON 00070
EUSART_Write@txData                            cstackCOMMON 00070
IOCAF5_SetInterruptHandler@InterruptHandler    cstackCOMMON 00070
NRF_Read_Register@Bytes                        cstackCOMMON 00075
NRF_Read_Register@Length                       cstackCOMMON 00076
NRF_Read_Register@Register                     cstackCOMMON 00079
NRF_Read_Register@Status                       cstackCOMMON 0007A
NRF_Write_Register@Bytes                       cstackCOMMON 00075
NRF_Write_Register@Length                      cstackCOMMON 00076
NRF_Write_Register@Register                    cstackCOMMON 00079
NRF_Write_Register@Status                      cstackCOMMON 0007A
PWM1_DutyCycleSet@dutyCycleCount               cstackCOMMON 00070
PrintUART@i                                    cstackCOMMON 00074
PrintUART@string                               cstackCOMMON 00071
Set_SPI_Handler@SPI_Handler                    cstackCOMMON 00070
SoftSPI_Exchange@RxByte                        cstackCOMMON 00073
SoftSPI_Exchange@TxByte                        cstackCOMMON 00070
SoftSPI_Exchange@i                             cstackCOMMON 00074
TMR0_SetInterruptHandler@InterruptHandler      cstackCOMMON 00070
UART_PNbase@Base                               cstackBANK0  00024
UART_PNbase@Nbre                               cstackBANK0  00020
UART_PNbase@buf                                cstackBANK0  0002C
UART_PNbase@i                                  cstackBANK0  0004C
UART_PNbase@string                             cstackBANK0  00025
_ANSELA                                        (abs)        0018C
_ANSELC                                        (abs)        0018E
_AppInit                                       text26       00558
_BAUDCON                                       (abs)        0019F
_BORCON                                        (abs)        00116
_EUSART_DefaultErrorHandler                    (abs)        00000
_EUSART_DefaultFramingErrorHandler             (abs)        00000
_EUSART_DefaultOverrunErrorHandler             (abs)        00000
_EUSART_ErrorHandler                           nvBANK1      000A2
_EUSART_FramingErrorHandler                    nvBANK1      000A6
_EUSART_Initialize                             text10       0042B
_EUSART_OverrunErrorHandler                    nvBANK1      000A4
_EUSART_SetErrorHandler                        text13       00577
_EUSART_SetFramingErrorHandler                 text12       00571
_EUSART_SetOverrunErrorHandler                 text11       0056B
_EUSART_Write                                  text28       00549
_INLVLA                                        (abs)        0038C
_INLVLC                                        (abs)        0038E
_INTCONbits                                    (abs)        0000B
_INTERRUPT_InterruptManager                    intentry     00004
_IOCAF5_DefaultInterruptHandler                text34       005A1
_IOCAF5_ISR                                    text33       0053C
_IOCAF5_InterruptHandler                       nvBANK0      0006A
_IOCAF5_SetInterruptHandler                    text8        00565
_IOCAFbits                                     (abs)        00393
_IOCANbits                                     (abs)        00392
_IOCAPbits                                     (abs)        00391
_LATA                                          (abs)        0010C
_LATAbits                                      (abs)        0010C
_LATC                                          (abs)        0010E
_LATCbits                                      (abs)        0010E
_NRF24L01_Init                                 text24       0046D
_NRF_ADDR_PIPE_0                               bssBANK0     00062
_NRF_REG_CONFIG                                bssBANK0     00067
_NRF_REG_STATUS                                bssBANK0     00061
_NRF_Read_Register                             text22       003D1
_NRF_SET_PRX                                   text17       0012D
_NRF_Write_Register                            text21       003FF
_ODCONA                                        (abs)        0028C
_ODCONC                                        (abs)        0028E
_OPTION_REG                                    (abs)        00095
_OPTION_REGbits                                (abs)        00095
_OSCCON                                        (abs)        00099
_OSCILLATOR_Initialize                         text9        00551
_OSCTUNE                                       (abs)        00098
_PIN_MANAGER_IOC                               text32       0058F
_PIN_MANAGER_Initialize                        text7        003A0
_PIR1bits                                      (abs)        00011
_PORTCbits                                     (abs)        0000E
_PWM1CLKCON                                    (abs)        00D9E
_PWM1CON                                       (abs)        00D9B
_PWM1CONbits                                   (abs)        00D9B
_PWM1DCH                                       (abs)        00D94
_PWM1DCL                                       (abs)        00D93
_PWM1INTE                                      (abs)        00D9C
_PWM1INTF                                      (abs)        00D9D
_PWM1INTFbits                                  (abs)        00D9D
_PWM1LDCON                                     (abs)        00D9F
_PWM1LDCONbits                                 (abs)        00D9F
_PWM1OFCON                                     (abs)        00DA0
_PWM1OFH                                       (abs)        00D98
_PWM1OFL                                       (abs)        00D97
_PWM1PHH                                       (abs)        00D92
_PWM1PHL                                       (abs)        00D91
_PWM1PRH                                       (abs)        00D96
_PWM1PRL                                       (abs)        00D95
_PWM1TMRH                                      (abs)        00D9A
_PWM1TMRL                                      (abs)        00D99
_PWM1_DutyCycleSet                             text16       0057D
_PWM1_Initialize                               text6        004A4
_PWM1_LoadBufferSet                            text15       0059C
_PWM1_Start                                    text14       00599
_PrintUART                                     text27       0044C
_RC3PPS                                        (abs)        00EA3
_RC4PPS                                        (abs)        00EA4
_RCREG                                         (abs)        00199
_RCSTA                                         (abs)        0019D
_RCSTAbits                                     (abs)        0019D
_RXPPS                                         (abs)        00E15
_SLRCONA                                       (abs)        0030C
_SLRCONC                                       (abs)        0030E
_SPBRGH                                        (abs)        0019C
_SPBRGL                                        (abs)        0019B
_SYSTEM_Initialize                             text1        004D3
_Set_SPI_Handler                               text25       00583
_SineTab                                       stringtext1  0002D
_SoftSPI_Exchange                              text23       0036B
_T1CON                                         (abs)        00018
_T1CONbits                                     (abs)        00018
_T1GCON                                        (abs)        00019
_T1GCONbits                                    (abs)        00019
_TMR0                                          (abs)        00015
_TMR0_DefaultInterruptHandler                  text31       00589
_TMR0_ISR                                      text30       0052E
_TMR0_Initialize                               text4        004BC
_TMR0_InterruptHandler                         nvBANK0      00068
_TMR0_SetInterruptHandler                      text5        0055F
_TMR1H                                         (abs)        00017
_TMR1L                                         (abs)        00016
_TMR1_Initialize                               text3        004FA
_TRISA                                         (abs)        0008C
_TRISC                                         (abs)        0008E
_TXREG                                         (abs)        0019A
_TXSTA                                         (abs)        0019E
_TXSTAbits                                     (abs)        0019E
_TimerTick1ms                                  bssBANK0     0005C
_UART_PNbase                                   text18       001F4
_WDTCON                                        (abs)        00097
_WDT_Initialize                                text2        00595
_WPUA                                          (abs)        0020C
_WPUC                                          (abs)        0020E
__CFG_BOREN$ON                                 (abs)        00000
__CFG_BORV$LO                                  (abs)        00000
__CFG_CLKOUTEN$OFF                             (abs)        00000
__CFG_CP$OFF                                   (abs)        00000
__CFG_FOSC$INTOSC                              (abs)        00000
__CFG_LPBOREN$OFF                              (abs)        00000
__CFG_LVP$OFF                                  (abs)        00000
__CFG_MCLRE$ON                                 (abs)        00000
__CFG_PLLEN$OFF                                (abs)        00000
__CFG_PPS1WAY$ON                               (abs)        00000
__CFG_PWRTE$OFF                                (abs)        00000
__CFG_STVREN$ON                                (abs)        00000
__CFG_WDTE$OFF                                 (abs)        00000
__CFG_WRT$OFF                                  (abs)        00000
__Habs1                                        abs1         00000
__Hbank0                                       bank0        00000
__Hbank1                                       bank1        00000
__Hbank10                                      bank10       00000
__Hbank11                                      bank11       00000
__Hbank12                                      bank12       00000
__Hbank13                                      bank13       00000
__Hbank14                                      bank14       00000
__Hbank15                                      bank15       00000
__Hbank16                                      bank16       00000
__Hbank17                                      bank17       00000
__Hbank18                                      bank18       00000
__Hbank19                                      bank19       00000
__Hbank2                                       bank2        00000
__Hbank20                                      bank20       00000
__Hbank21                                      bank21       00000
__Hbank22                                      bank22       00000
__Hbank23                                      bank23       00000
__Hbank24                                      bank24       00000
__Hbank25                                      bank25       00000
__Hbank26                                      bank26       00000
__Hbank27                                      bank27       00000
__Hbank28                                      bank28       00000
__Hbank29                                      bank29       00000
__Hbank3                                       bank3        00000
__Hbank30                                      bank30       00000
__Hbank31                                      bank31       00000
__Hbank4                                       bank4        00000
__Hbank5                                       bank5        00000
__Hbank6                                       bank6        00000
__Hbank7                                       bank7        00000
__Hbank8                                       bank8        00000
__Hbank9                                       bank9        00000
__Hbigram                                      bigram       00000
__HbssBANK0                                    bssBANK0     00000
__Hcinit                                       cinit        0002D
__Hclrtext                                     clrtext      00000
__Hcode                                        code         00000
__Hcommon                                      common       00000
__Hconfig                                      config       08009
__HcstackBANK0                                 cstackBANK0  00000
__HcstackCOMMON                                cstackCOMMON 00000
__HdataBANK0                                   dataBANK0    00000
__Heeprom_data                                 eeprom_data  00000
__Hend_init                                    end_init     00016
__Hfunctab                                     functab      00000
__HidataBANK0                                  idataBANK0   00000
__Hidloc                                       idloc        00000
__Hinit                                        init         00014
__Hintentry                                    intentry     00014
__Hmaintext                                    maintext     00000
__HnvBANK0                                     nvBANK0      00000
__HnvBANK1                                     nvBANK1      00000
__Hpowerup                                     powerup      00000
__Hram                                         ram          00000
__Hreset_vec                                   reset_vec    00002
__Hsfr0                                        sfr0         00000
__Hsfr1                                        sfr1         00000
__Hsfr10                                       sfr10        00000
__Hsfr11                                       sfr11        00000
__Hsfr12                                       sfr12        00000
__Hsfr13                                       sfr13        00000
__Hsfr14                                       sfr14        00000
__Hsfr15                                       sfr15        00000
__Hsfr16                                       sfr16        00000
__Hsfr17                                       sfr17        00000
__Hsfr18                                       sfr18        00000
__Hsfr19                                       sfr19        00000
__Hsfr2                                        sfr2         00000
__Hsfr20                                       sfr20        00000
__Hsfr21                                       sfr21        00000
__Hsfr22                                       sfr22        00000
__Hsfr23                                       sfr23        00000
__Hsfr24                                       sfr24        00000
__Hsfr25                                       sfr25        00000
__Hsfr26                                       sfr26        00000
__Hsfr27                                       sfr27        00000
__Hsfr28                                       sfr28        00000
__Hsfr29                                       sfr29        00000
__Hsfr3                                        sfr3         00000
__Hsfr30                                       sfr30        00000
__Hsfr31                                       sfr31        00000
__Hsfr4                                        sfr4         00000
__Hsfr5                                        sfr5         00000
__Hsfr6                                        sfr6         00000
__Hsfr7                                        sfr7         00000
__Hsfr8                                        sfr8         00000
__Hsfr9                                        sfr9         00000
__Hspace_0                                     (abs)        08009
__Hspace_1                                     (abs)        000A8
__Hspace_2                                     (abs)        00000
__Hspace_3                                     (abs)        00000
__Hstack                                       stack        00000
__Hstrings                                     strings      00000
__Hstringtext1                                 stringtext1  00000
__Hstringtext2                                 stringtext2  00000
__Hstringtext3                                 stringtext3  00000
__Hstringtext4                                 stringtext4  00000
__Hstringtext5                                 stringtext5  00000
__Hstringtext6                                 stringtext6  00000
__Htext                                        text         00000
__Labs1                                        abs1         00000
__Lbank0                                       bank0        00000
__Lbank1                                       bank1        00000
__Lbank10                                      bank10       00000
__Lbank11                                      bank11       00000
__Lbank12                                      bank12       00000
__Lbank13                                      bank13       00000
__Lbank14                                      bank14       00000
__Lbank15                                      bank15       00000
__Lbank16                                      bank16       00000
__Lbank17                                      bank17       00000
__Lbank18                                      bank18       00000
__Lbank19                                      bank19       00000
__Lbank2                                       bank2        00000
__Lbank20                                      bank20       00000
__Lbank21                                      bank21       00000
__Lbank22                                      bank22       00000
__Lbank23                                      bank23       00000
__Lbank24                                      bank24       00000
__Lbank25                                      bank25       00000
__Lbank26                                      bank26       00000
__Lbank27                                      bank27       00000
__Lbank28                                      bank28       00000
__Lbank29                                      bank29       00000
__Lbank3                                       bank3        00000
__Lbank30                                      bank30       00000
__Lbank31                                      bank31       00000
__Lbank4                                       bank4        00000
__Lbank5                                       bank5        00000
__Lbank6                                       bank6        00000
__Lbank7                                       bank7        00000
__Lbank8                                       bank8        00000
__Lbank9                                       bank9        00000
__Lbigram                                      bigram       00000
__LbssBANK0                                    bssBANK0     00000
__Lcinit                                       cinit        00016
__Lclrtext                                     clrtext      00000
__Lcode                                        code         00000
__Lcommon                                      common       00000
__Lconfig                                      config       08007
__LcstackBANK0                                 cstackBANK0  00000
__LcstackCOMMON                                cstackCOMMON 00000
__LdataBANK0                                   dataBANK0    00000
__Leeprom_data                                 eeprom_data  00000
__Lend_init                                    end_init     00014
__Lfunctab                                     functab      00000
__LidataBANK0                                  idataBANK0   00000
__Lidloc                                       idloc        00000
__Linit                                        init         00014
__Lintentry                                    intentry     00004
__Lmaintext                                    maintext     00000
__LnvBANK0                                     nvBANK0      00000
__LnvBANK1                                     nvBANK1      00000
__Lpowerup                                     powerup      00000
__Lram                                         ram          00000
__Lreset_vec                                   reset_vec    00000
__Lsfr0                                        sfr0         00000
__Lsfr1                                        sfr1         00000
__Lsfr10                                       sfr10        00000
__Lsfr11                                       sfr11        00000
__Lsfr12                                       sfr12        00000
__Lsfr13                                       sfr13        00000
__Lsfr14                                       sfr14        00000
__Lsfr15                                       sfr15        00000
__Lsfr16                                       sfr16        00000
__Lsfr17                                       sfr17        00000
__Lsfr18                                       sfr18        00000
__Lsfr19                                       sfr19        00000
__Lsfr2                                        sfr2         00000
__Lsfr20                                       sfr20        00000
__Lsfr21                                       sfr21        00000
__Lsfr22                                       sfr22        00000
__Lsfr23                                       sfr23        00000
__Lsfr24                                       sfr24        00000
__Lsfr25                                       sfr25        00000
__Lsfr26                                       sfr26        00000
__Lsfr27                                       sfr27        00000
__Lsfr28                                       sfr28        00000
__Lsfr29                                       sfr29        00000
__Lsfr3                                        sfr3         00000
__Lsfr30                                       sfr30        00000
__Lsfr31                                       sfr31        00000
__Lsfr4                                        sfr4         00000
__Lsfr5                                        sfr5         00000
__Lsfr6                                        sfr6         00000
__Lsfr7                                        sfr7         00000
__Lsfr8                                        sfr8         00000
__Lsfr9                                        sfr9         00000
__Lspace_0                                     (abs)        00000
__Lspace_1                                     (abs)        00000
__Lspace_2                                     (abs)        00000
__Lspace_3                                     (abs)        00000
__Lstack                                       stack        00000
__Lstrings                                     strings      00000
__Lstringtext1                                 stringtext1  00000
__Lstringtext2                                 stringtext2  00000
__Lstringtext3                                 stringtext3  00000
__Lstringtext4                                 stringtext4  00000
__Lstringtext5                                 stringtext5  00000
__Lstringtext6                                 stringtext6  00000
__Ltext                                        text         00000
__S0                                           (abs)        08009
__S1                                           (abs)        000A8
__S2                                           (abs)        00000
___int_sp                                      stack        00000
___latbits                                     (abs)        00002
___lldiv                                       text20       002D7
___lldiv@counter                               cstackCOMMON 0007D
___lldiv@dividend                              cstackCOMMON 00074
___lldiv@divisor                               cstackCOMMON 00070
___lldiv@quotient                              cstackCOMMON 00079
___llmod                                       text19       00329
___llmod@counter                               cstackCOMMON 00079
___llmod@dividend                              cstackCOMMON 00074
___llmod@divisor                               cstackCOMMON 00070
___sp                                          stack        00000
___stackhi                                     (abs)        023DF
___stacklo                                     (abs)        02058
__end_of_AppInit                               text26       0055F
__end_of_EUSART_Initialize                     text10       0044C
__end_of_EUSART_SetErrorHandler                text13       0057D
__end_of_EUSART_SetFramingErrorHandler         text12       00577
__end_of_EUSART_SetOverrunErrorHandler         text11       00571
__end_of_EUSART_Write                          text28       00551
__end_of_INTERRUPT_InterruptManager            intentry     00014
__end_of_IOCAF5_DefaultInterruptHandler        text34       005A2
__end_of_IOCAF5_ISR                            text33       00549
__end_of_IOCAF5_SetInterruptHandler            text8        0056B
__end_of_NRF24L01_Init                         text24       0048C
__end_of_NRF_Read_Register                     text22       003FF
__end_of_NRF_SET_PRX                           text17       001F4
__end_of_NRF_Write_Register                    text21       0042B
__end_of_OSCILLATOR_Initialize                 text9        00558
__end_of_PIN_MANAGER_IOC                       text32       00595
__end_of_PIN_MANAGER_Initialize                text7        003D1
__end_of_PWM1_DutyCycleSet                     text16       00583
__end_of_PWM1_Initialize                       text6        004BC
__end_of_PWM1_LoadBufferSet                    text15       0059F
__end_of_PWM1_Start                            text14       0059C
__end_of_PrintUART                             text27       0046D
__end_of_SYSTEM_Initialize                     text1        004E8
__end_of_Set_SPI_Handler                       text25       00589
__end_of_SineTab                               stringtext1  0012D
__end_of_SoftSPI_Exchange                      text23       003A0
__end_of_TMR0_DefaultInterruptHandler          text31       0058F
__end_of_TMR0_ISR                              text30       0053C
__end_of_TMR0_Initialize                       text4        004D3
__end_of_TMR0_SetInterruptHandler              text5        00565
__end_of_TMR1_Initialize                       text3        0050C
__end_of_UART_PNbase                           text18       00266
__end_of_WDT_Initialize                        text2        00599
__end_of___lldiv                               text20       00329
__end_of___llmod                               text19       0036B
__end_of__initialization                       cinit        00029
__end_of_main                                  maintext     002D7
__initialization                               cinit        00016
__pbssBANK0                                    bssBANK0     0005C
__pcstackBANK0                                 cstackBANK0  00020
__pcstackCOMMON                                cstackCOMMON 00070
__pdataBANK0                                   dataBANK0    0006D
__pidataBANK0                                  idataBANK0   0059F
__pintentry                                    intentry     00004
__pmaintext                                    maintext     00266
__pnvBANK0                                     nvBANK0      00068
__pnvBANK1                                     nvBANK1      000A0
__pstringtext1                                 stringtext1  0002D
__pstringtext2                                 stringtext2  0048C
__pstringtext3                                 stringtext3  004E8
__pstringtext4                                 stringtext4  0050C
__pstringtext5                                 stringtext5  0051D
__pstringtext6                                 stringtext6  00000
__ptext1                                       text1        004D3
__ptext10                                      text10       0042B
__ptext11                                      text11       0056B
__ptext12                                      text12       00571
__ptext13                                      text13       00577
__ptext14                                      text14       00599
__ptext15                                      text15       0059C
__ptext16                                      text16       0057D
__ptext17                                      text17       0012D
__ptext18                                      text18       001F4
__ptext19                                      text19       00329
__ptext2                                       text2        00595
__ptext20                                      text20       002D7
__ptext21                                      text21       003FF
__ptext22                                      text22       003D1
__ptext23                                      text23       0036B
__ptext24                                      text24       0046D
__ptext25                                      text25       00583
__ptext26                                      text26       00558
__ptext27                                      text27       0044C
__ptext28                                      text28       00549
__ptext3                                       text3        004FA
__ptext30                                      text30       0052E
__ptext31                                      text31       00589
__ptext32                                      text32       0058F
__ptext33                                      text33       0053C
__ptext34                                      text34       005A1
__ptext4                                       text4        004BC
__ptext5                                       text5        0055F
__ptext6                                       text6        004A4
__ptext7                                       text7        003A0
__ptext8                                       text8        00565
__ptext9                                       text9        00551
__size_of_AppInit                              (abs)        00000
__size_of_EUSART_Initialize                    (abs)        00000
__size_of_EUSART_SetErrorHandler               (abs)        00000
__size_of_EUSART_SetFramingErrorHandler        (abs)        00000
__size_of_EUSART_SetOverrunErrorHandler        (abs)        00000
__size_of_EUSART_Write                         (abs)        00000
__size_of_INTERRUPT_InterruptManager           (abs)        00000
__size_of_IOCAF5_DefaultInterruptHandler       (abs)        00000
__size_of_IOCAF5_ISR                           (abs)        00000
__size_of_IOCAF5_SetInterruptHandler           (abs)        00000
__size_of_NRF24L01_Init                        (abs)        00000
__size_of_NRF_Read_Register                    (abs)        00000
__size_of_NRF_SET_PRX                          (abs)        00000
__size_of_NRF_Write_Register                   (abs)        00000
__size_of_OSCILLATOR_Initialize                (abs)        00000
__size_of_PIN_MANAGER_IOC                      (abs)        00000
__size_of_PIN_MANAGER_Initialize               (abs)        00000
__size_of_PWM1_DutyCycleSet                    (abs)        00000
__size_of_PWM1_Initialize                      (abs)        00000
__size_of_PWM1_LoadBufferSet                   (abs)        00000
__size_of_PWM1_Start                           (abs)        00000
__size_of_PrintUART                            (abs)        00000
__size_of_SYSTEM_Initialize                    (abs)        00000
__size_of_Set_SPI_Handler                      (abs)        00000
__size_of_SoftSPI_Exchange                     (abs)        00000
__size_of_TMR0_DefaultInterruptHandler         (abs)        00000
__size_of_TMR0_ISR                             (abs)        00000
__size_of_TMR0_Initialize                      (abs)        00000
__size_of_TMR0_SetInterruptHandler             (abs)        00000
__size_of_TMR1_Initialize                      (abs)        00000
__size_of_UART_PNbase                          (abs)        00000
__size_of_WDT_Initialize                       (abs)        00000
__size_of___lldiv                              (abs)        00000
__size_of___llmod                              (abs)        00000
__size_of_main                                 (abs)        00000
_eusartRxLastError                             bssBANK0     00060
_main                                          maintext     00266
_p_NRF_SPI_Exchange                            bssBANK0     0005E
_timer0ReloadVal                               nvBANK0      0006C
_timer1ReloadVal                               nvBANK1      000A0
btemp                                          (abs)        0007E
end_of_initialization                          cinit        00029
int$flags                                      (abs)        0007E
intlevel0                                      functab      00000
intlevel1                                      functab      00000
intlevel2                                      functab      00000
intlevel3                                      functab      00000
intlevel4                                      functab      00000
intlevel5                                      functab      00000
main@Timeout_100ms                             cstackBANK0  00057
main@Timeout_10ms                              cstackBANK0  00059
main@Timeout_1s                                cstackBANK0  00055
main@cnter                                     cstackBANK0  0005B
reset_vec                                      reset_vec    00000
start                                          init         00014
start_initialization                           cinit        00016
wtemp0                                         (abs)        0007E


FUNCTION INFORMATION:

 *************** function _main *****************
 Defined at:
		line 27 in file "main.c"
 Parameters:    Size  Location     Type
		None
 Auto vars:     Size  Location     Type
  Timeout_10ms    2   57[BANK0 ] unsigned short 
  Timeout_100m    2   55[BANK0 ] unsigned short 
  Timeout_1s      2   53[BANK0 ] unsigned short 
  cnter           1   59[BANK0 ] unsigned char 
 Return value:  Size  Location     Type
                  1    wreg      void 
 Registers used:
		wreg, fsr0l, fsr0h, fsr1l, fsr1h, status,2, status,0, pclath, cstack
 Tracked objects:
		On entry : 
		On exit  : 
		Unchanged: 
 Data sizes:     COMMON   BANK0   BANK1   BANK2   BANK3   BANK4   BANK5   BANK6   BANK7   BANK8   BANK9  BANK10  BANK11  BANK12
      Params:         0       0       0       0       0       0       0       0       0       0       0       0       0       0
      Locals:         0       7       0       0       0       0       0       0       0       0       0       0       0       0
      Temps:          0       2       0       0       0       0       0       0       0       0       0       0       0       0
      Totals:         0       9       0       0       0       0       0       0       0       0       0       0       0       0
Total ram usage:        9 bytes
 Hardware stack levels required when called:    8
 This function calls:
		Absolute function
		_AppInit
		_NRF24L01_Init
		_NRF_SET_PRX
		_PWM1_DutyCycleSet
		_PWM1_LoadBufferSet
		_PWM1_Start
		_SYSTEM_Initialize
		_SoftSPI_Exchange
 This function is called by:
		Startup code after reset
 This function uses a non-reentrant model


 *************** function _SYSTEM_Initialize *****************
 Defined at:
		line 50 in file "01 - SRC/05_MCC_16F1575/mcc.c"
 Parameters:    Size  Location     Type
		None
 Auto vars:     Size  Location     Type
		None
 Return value:  Size  Location     Type
                  1    wreg      void 
 Registers used:
		wreg, status,2, status,0, pclath, cstack
 Tracked objects:
		On entry : 
		On exit  : 
		Unchanged: 
 Data sizes:     COMMON   BANK0   BANK1   BANK2   BANK3   BANK4   BANK5   BANK6   BANK7   BANK8   BANK9  BANK10  BANK11  BANK12
      Params:         0       0       0       0       0       0       0       0       0       0       0       0       0       0
      Locals:         0       0       0       0       0       0       0       0       0       0       0       0       0       0
      Temps:          0       0       0       0       0       0       0       0       0       0       0       0       0       0
      Totals:         0       0       0       0       0       0       0       0       0       0       0       0       0       0
Total ram usage:        0 bytes
 Hardware stack levels used:    1
 Hardware stack levels required when called:    6
 This function calls:
		_EUSART_Initialize
		_OSCILLATOR_Initialize
		_PIN_MANAGER_Initialize
		_PWM1_Initialize
		_TMR0_Initialize
		_TMR1_Initialize
		_WDT_Initialize
 This function is called by:
		_main
 This function uses a non-reentrant model


 *************** function _WDT_Initialize *****************
 Defined at:
		line 72 in file "01 - SRC/05_MCC_16F1575/mcc.c"
 Parameters:    Size  Location     Type
		None
 Auto vars:     Size  Location     Type
		None
 Return value:  Size  Location     Type
                  1    wreg      void 
 Registers used:
		wreg
 Tracked objects:
		On entry : 
		On exit  : 
		Unchanged: 
 Data sizes:     COMMON   BANK0   BANK1   BANK2   BANK3   BANK4   BANK5   BANK6   BANK7   BANK8   BANK9  BANK10  BANK11  BANK12
      Params:         0       0       0       0       0       0       0       0       0       0       0       0       0       0
      Locals:         0       0       0       0       0       0       0       0       0       0       0       0       0       0
      Temps:          0       0       0       0       0       0       0       0       0       0       0       0       0       0
      Totals:         0       0       0       0       0       0       0       0       0       0       0       0       0       0
Total ram usage:        0 bytes
 Hardware stack levels used:    1
 Hardware stack levels required when called:    4
 This function calls:
		Nothing
 This function is called by:
		_SYSTEM_Initialize
 This function uses a non-reentrant model


 *************** function _TMR1_Initialize *****************
 Defined at:
		line 63 in file "01 - SRC/05_MCC_16F1575/tmr1.c"
 Parameters:    Size  Location     Type
		None
 Auto vars:     Size  Location     Type
		None
 Return value:  Size  Location     Type
                  1    wreg      void 
 Registers used:
		wreg, status,2
 Tracked objects:
		On entry : 
		On exit  : 
		Unchanged: 
 Data sizes:     COMMON   BANK0   BANK1   BANK2   BANK3   BANK4   BANK5   BANK6   BANK7   BANK8   BANK9  BANK10  BANK11  BANK12
      Params:         0       0       0       0       0       0       0       0       0       0       0       0       0       0
      Locals:         0       0       0       0       0       0       0       0       0       0       0       0       0       0
      Temps:          0       0       0       0       0       0       0       0       0       0       0       0       0       0
      Totals:         0       0       0       0       0       0       0       0       0       0       0       0       0       0
Total ram usage:        0 bytes
 Hardware stack levels used:    1
 Hardware stack levels required when called:    4
 This function calls:
		Nothing
 This function is called by:
		_SYSTEM_Initialize
 This function uses a non-reentrant model


 *************** function _TMR0_Initialize *****************
 Defined at:
		line 64 in file "01 - SRC/05_MCC_16F1575/tmr0.c"
 Parameters:    Size  Location     Type
		None
 Auto vars:     Size  Location     Type
		None
 Return value:  Size  Location     Type
                  1    wreg      void 
 Registers used:
		wreg, status,2, status,0, pclath, cstack
 Tracked objects:
		On entry : 
		On exit  : 
		Unchanged: 
 Data sizes:     COMMON   BANK0   BANK1   BANK2   BANK3   BANK4   BANK5   BANK6   BANK7   BANK8   BANK9  BANK10  BANK11  BANK12
      Params:         0       0       0       0       0       0       0       0       0       0       0       0       0       0
      Locals:         0       0       0       0       0       0       0       0       0       0       0       0       0       0
      Temps:          1       0       0       0       0       0       0       0       0       0       0       0       0       0
      Totals:         1       0       0       0       0       0       0       0       0       0       0       0       0       0
Total ram usage:        1 bytes
 Hardware stack levels used:    1
 Hardware stack levels required when called:    5
 This function calls:
		_TMR0_SetInterruptHandler
 This function is called by:
		_SYSTEM_Initialize
 This function uses a non-reentrant model


 *************** function _TMR0_SetInterruptHandler *****************
 Defined at:
		line 125 in file "01 - SRC/05_MCC_16F1575/tmr0.c"
 Parameters:    Size  Location     Type
  InterruptHan    2    0[COMMON] PTR FTN()void 
		 -> TMR0_DefaultInterruptHandler(1), 
 Auto vars:     Size  Location     Type
		None
 Return value:  Size  Location     Type
                  1    wreg      void 
 Registers used:
		wreg
 Tracked objects:
		On entry : 
		On exit  : 
		Unchanged: 
 Data sizes:     COMMON   BANK0   BANK1   BANK2   BANK3   BANK4   BANK5   BANK6   BANK7   BANK8   BANK9  BANK10  BANK11  BANK12
      Params:         2       0       0       0       0       0       0       0       0       0       0       0       0       0
      Locals:         0       0       0       0       0       0       0       0       0       0       0       0       0       0
      Temps:          0       0       0       0       0       0       0       0       0       0       0       0       0       0
      Totals:         2       0       0       0       0       0       0       0       0       0       0       0       0       0
Total ram usage:        2 bytes
 Hardware stack levels used:    1
 Hardware stack levels required when called:    4
 This function calls:
		Nothing
 This function is called by:
		_TMR0_Initialize
 This function uses a non-reentrant model


 *************** function _PWM1_Initialize *****************
 Defined at:
		line 58 in file "01 - SRC/05_MCC_16F1575/pwm1.c"
 Parameters:    Size  Location     Type
		None
 Auto vars:     Size  Location     Type
		None
 Return value:  Size  Location     Type
                  1    wreg      void 
 Registers used:
		wreg, status,2
 Tracked objects:
		On entry : 
		On exit  : 
		Unchanged: 
 Data sizes:     COMMON   BANK0   BANK1   BANK2   BANK3   BANK4   BANK5   BANK6   BANK7   BANK8   BANK9  BANK10  BANK11  BANK12
      Params:         0       0       0       0       0       0       0       0       0       0       0       0       0       0
      Locals:         0       0       0       0       0       0       0       0       0       0       0       0       0       0
      Temps:          0       0       0       0       0       0       0       0       0       0       0       0       0       0
      Totals:         0       0       0       0       0       0       0       0       0       0       0       0       0       0
Total ram usage:        0 bytes
 Hardware stack levels used:    1
 Hardware stack levels required when called:    4
 This function calls:
		Nothing
 This function is called by:
		_SYSTEM_Initialize
 This function uses a non-reentrant model


 *************** function _PIN_MANAGER_Initialize *****************
 Defined at:
		line 57 in file "01 - SRC/05_MCC_16F1575/pin_manager.c"
 Parameters:    Size  Location     Type
		None
 Auto vars:     Size  Location     Type
		None
 Return value:  Size  Location     Type
                  1    wreg      void 
 Registers used:
		wreg, status,2, status,0, pclath, cstack
 Tracked objects:
		On entry : 
		On exit  : 
		Unchanged: 
 Data sizes:     COMMON   BANK0   BANK1   BANK2   BANK3   BANK4   BANK5   BANK6   BANK7   BANK8   BANK9  BANK10  BANK11  BANK12
      Params:         0       0       0       0       0       0       0       0       0       0       0       0       0       0
      Locals:         0       0       0       0       0       0       0       0       0       0       0       0       0       0
      Temps:          0       0       0       0       0       0       0       0       0       0       0       0       0       0
      Totals:         0       0       0       0       0       0       0       0       0       0       0       0       0       0
Total ram usage:        0 bytes
 Hardware stack levels used:    1
 Hardware stack levels required when called:    5
 This function calls:
		_IOCAF5_SetInterruptHandler
 This function is called by:
		_SYSTEM_Initialize
 This function uses a non-reentrant model


 *************** function _IOCAF5_SetInterruptHandler *****************
 Defined at:
		line 154 in file "01 - SRC/05_MCC_16F1575/pin_manager.c"
 Parameters:    Size  Location     Type
  InterruptHan    2    0[COMMON] PTR FTN()void 
		 -> IOCAF5_DefaultInterruptHandler(1), 
 Auto vars:     Size  Location     Type
		None
 Return value:  Size  Location     Type
                  1    wreg      void 
 Registers used:
		wreg
 Tracked objects:
		On entry : 
		On exit  : 
		Unchanged: 
 Data sizes:     COMMON   BANK0   BANK1   BANK2   BANK3   BANK4   BANK5   BANK6   BANK7   BANK8   BANK9  BANK10  BANK11  BANK12
      Params:         2       0       0       0       0       0       0       0       0       0       0       0       0       0
      Locals:         0       0       0       0       0       0       0       0       0       0       0       0       0       0
      Temps:          0       0       0       0       0       0       0       0       0       0       0       0       0       0
      Totals:         2       0       0       0       0       0       0       0       0       0       0       0       0       0
Total ram usage:        2 bytes
 Hardware stack levels used:    1
 Hardware stack levels required when called:    4
 This function calls:
		Nothing
 This function is called by:
		_PIN_MANAGER_Initialize
 This function uses a non-reentrant model


 *************** function _OSCILLATOR_Initialize *****************
 Defined at:
		line 62 in file "01 - SRC/05_MCC_16F1575/mcc.c"
 Parameters:    Size  Location     Type
		None
 Auto vars:     Size  Location     Type
		None
 Return value:  Size  Location     Type
                  1    wreg      void 
 Registers used:
		wreg, status,2
 Tracked objects:
		On entry : 
		On exit  : 
		Unchanged: 
 Data sizes:     COMMON   BANK0   BANK1   BANK2   BANK3   BANK4   BANK5   BANK6   BANK7   BANK8   BANK9  BANK10  BANK11  BANK12
      Params:         0       0       0       0       0       0       0       0       0       0       0       0       0       0
      Locals:         0       0       0       0       0       0       0       0       0       0       0       0       0       0
      Temps:          0       0       0       0       0       0       0       0       0       0       0       0       0       0
      Totals:         0       0       0       0       0       0       0       0       0       0       0       0       0       0
Total ram usage:        0 bytes
 Hardware stack levels used:    1
 Hardware stack levels required when called:    4
 This function calls:
		Nothing
 This function is called by:
		_SYSTEM_Initialize
 This function uses a non-reentrant model


 *************** function _EUSART_Initialize *****************
 Defined at:
		line 66 in file "01 - SRC/05_MCC_16F1575/eusart.c"
 Parameters:    Size  Location     Type
		None
 Auto vars:     Size  Location     Type
		None
 Return value:  Size  Location     Type
                  1    wreg      void 
 Registers used:
		wreg, status,2, status,0, pclath, cstack
 Tracked objects:
		On entry : 
		On exit  : 
		Unchanged: 
 Data sizes:     COMMON   BANK0   BANK1   BANK2   BANK3   BANK4   BANK5   BANK6   BANK7   BANK8   BANK9  BANK10  BANK11  BANK12
      Params:         0       0       0       0       0       0       0       0       0       0       0       0       0       0
      Locals:         0       0       0       0       0       0       0       0       0       0       0       0       0       0
      Temps:          0       0       0       0       0       0       0       0       0       0       0       0       0       0
      Totals:         0       0       0       0       0       0       0       0       0       0       0       0       0       0
Total ram usage:        0 bytes
 Hardware stack levels used:    1
 Hardware stack levels required when called:    5
 This function calls:
		_EUSART_SetErrorHandler
		_EUSART_SetFramingErrorHandler
		_EUSART_SetOverrunErrorHandler
 This function is called by:
		_SYSTEM_Initialize
 This function uses a non-reentrant model


 *************** function _EUSART_SetOverrunErrorHandler *****************
 Defined at:
		line 161 in file "01 - SRC/05_MCC_16F1575/eusart.c"
 Parameters:    Size  Location     Type
  interruptHan    2    0[COMMON] PTR FTN()void 
		 -> EUSART_DefaultOverrunErrorHandler(1), 
 Auto vars:     Size  Location     Type
		None
 Return value:  Size  Location     Type
                  1    wreg      void 
 Registers used:
		wreg
 Tracked objects:
		On entry : 
		On exit  : 
		Unchanged: 
 Data sizes:     COMMON   BANK0   BANK1   BANK2   BANK3   BANK4   BANK5   BANK6   BANK7   BANK8   BANK9  BANK10  BANK11  BANK12
      Params:         2       0       0       0       0       0       0       0       0       0       0       0       0       0
      Locals:         0       0       0       0       0       0       0       0       0       0       0       0       0       0
      Temps:          0       0       0       0       0       0       0       0       0       0       0       0       0       0
      Totals:         2       0       0       0       0       0       0       0       0       0       0       0       0       0
Total ram usage:        2 bytes
 Hardware stack levels used:    1
 Hardware stack levels required when called:    4
 This function calls:
		Nothing
 This function is called by:
		_EUSART_Initialize
 This function uses a non-reentrant model


 *************** function _EUSART_SetFramingErrorHandler *****************
 Defined at:
		line 157 in file "01 - SRC/05_MCC_16F1575/eusart.c"
 Parameters:    Size  Location     Type
  interruptHan    2    0[COMMON] PTR FTN()void 
		 -> EUSART_DefaultFramingErrorHandler(1), 
 Auto vars:     Size  Location     Type
		None
 Return value:  Size  Location     Type
                  1    wreg      void 
 Registers used:
		wreg
 Tracked objects:
		On entry : 
		On exit  : 
		Unchanged: 
 Data sizes:     COMMON   BANK0   BANK1   BANK2   BANK3   BANK4   BANK5   BANK6   BANK7   BANK8   BANK9  BANK10  BANK11  BANK12
      Params:         2       0       0       0       0       0       0       0       0       0       0       0       0       0
      Locals:         0       0       0       0       0       0       0       0       0       0       0       0       0       0
      Temps:          0       0       0       0       0       0       0       0       0       0       0       0       0       0
      Totals:         2       0       0       0       0       0       0       0       0       0       0       0       0       0
Total ram usage:        2 bytes
 Hardware stack levels used:    1
 Hardware stack levels required when called:    4
 This function calls:
		Nothing
 This function is called by:
		_EUSART_Initialize
 This function uses a non-reentrant model


 *************** function _EUSART_SetErrorHandler *****************
 Defined at:
		line 165 in file "01 - SRC/05_MCC_16F1575/eusart.c"
 Parameters:    Size  Location     Type
  interruptHan    2    0[COMMON] PTR FTN()void 
		 -> EUSART_DefaultErrorHandler(1), 
 Auto vars:     Size  Location     Type
		None
 Return value:  Size  Location     Type
                  1    wreg      void 
 Registers used:
		wreg
 Tracked objects:
		On entry : 
		On exit  : 
		Unchanged: 
 Data sizes:     COMMON   BANK0   BANK1   BANK2   BANK3   BANK4   BANK5   BANK6   BANK7   BANK8   BANK9  BANK10  BANK11  BANK12
      Params:         2       0       0       0       0       0       0       0       0       0       0       0       0       0
      Locals:         0       0       0       0       0       0       0       0       0       0       0       0       0       0
      Temps:          0       0       0       0       0       0       0       0       0       0       0       0       0       0
      Totals:         2       0       0       0       0       0       0       0       0       0       0       0       0       0
Total ram usage:        2 bytes
 Hardware stack levels used:    1
 Hardware stack levels required when called:    4
 This function calls:
		Nothing
 This function is called by:
		_EUSART_Initialize
 This function uses a non-reentrant model


 *************** function _PWM1_Start *****************
 Defined at:
		line 113 in file "01 - SRC/05_MCC_16F1575/pwm1.c"
 Parameters:    Size  Location     Type
		None
 Auto vars:     Size  Location     Type
		None
 Return value:  Size  Location     Type
                  1    wreg      void 
 Registers used:
		None
 Tracked objects:
		On entry : 
		On exit  : 
		Unchanged: 
 Data sizes:     COMMON   BANK0   BANK1   BANK2   BANK3   BANK4   BANK5   BANK6   BANK7   BANK8   BANK9  BANK10  BANK11  BANK12
      Params:         0       0       0       0       0       0       0       0       0       0       0       0       0       0
      Locals:         0       0       0       0       0       0       0       0       0       0       0       0       0       0
      Temps:          0       0       0       0       0       0       0       0       0       0       0       0       0       0
      Totals:         0       0       0       0       0       0       0       0       0       0       0       0       0       0
Total ram usage:        0 bytes
 Hardware stack levels used:    1
 Hardware stack levels required when called:    4
 This function calls:
		Nothing
 This function is called by:
		_main
 This function uses a non-reentrant model


 *************** function _PWM1_LoadBufferSet *****************
 Defined at:
		line 128 in file "01 - SRC/05_MCC_16F1575/pwm1.c"
 Parameters:    Size  Location     Type
		None
 Auto vars:     Size  Location     Type
		None
 Return value:  Size  Location     Type
                  1    wreg      void 
 Registers used:
		None
 Tracked objects:
		On entry : 
		On exit  : 
		Unchanged: 
 Data sizes:     COMMON   BANK0   BANK1   BANK2   BANK3   BANK4   BANK5   BANK6   BANK7   BANK8   BANK9  BANK10  BANK11  BANK12
      Params:         0       0       0       0       0       0       0       0       0       0       0       0       0       0
      Locals:         0       0       0       0       0       0       0       0       0       0       0       0       0       0
      Temps:          0       0       0       0       0       0       0       0       0       0       0       0       0       0
      Totals:         0       0       0       0       0       0       0       0       0       0       0       0       0       0
Total ram usage:        0 bytes
 Hardware stack levels used:    1
 Hardware stack levels required when called:    4
 This function calls:
		Nothing
 This function is called by:
		_main
 This function uses a non-reentrant model


 *************** function _PWM1_DutyCycleSet *****************
 Defined at:
		line 139 in file "01 - SRC/05_MCC_16F1575/pwm1.c"
 Parameters:    Size  Location     Type
  dutyCycleCou    2    0[COMMON] unsigned short 
 Auto vars:     Size  Location     Type
		None
 Return value:  Size  Location     Type
                  1    wreg      void 
 Registers used:
		wreg, status,2
 Tracked objects:
		On entry : 
		On exit  : 
		Unchanged: 
 Data sizes:     COMMON   BANK0   BANK1   BANK2   BANK3   BANK4   BANK5   BANK6   BANK7   BANK8   BANK9  BANK10  BANK11  BANK12
      Params:         2       0       0       0       0       0       0       0       0       0       0       0       0       0
      Locals:         0       0       0       0       0       0       0       0       0       0       0       0       0       0
      Temps:          0       0       0       0       0       0       0       0       0       0       0       0       0       0
      Totals:         2       0       0       0       0       0       0       0       0       0       0       0       0       0
Total ram usage:        2 bytes
 Hardware stack levels used:    1
 Hardware stack levels required when called:    4
 This function calls:
		Nothing
 This function is called by:
		_main
 This function uses a non-reentrant model


 *************** function _NRF_SET_PRX *****************
 Defined at:
		line 24 in file "01 - SRC/03_NRF24L01/NRF24L01.c"
 Parameters:    Size  Location     Type
		None
 Auto vars:     Size  Location     Type
  R_CONFIG        1    0        struct .
 Return value:  Size  Location     Type
                  1    wreg      void 
 Registers used:
		wreg, fsr0l, fsr0h, fsr1l, fsr1h, status,2, status,0, pclath, cstack
 Tracked objects:
		On entry : 
		On exit  : 
		Unchanged: 
 Data sizes:     COMMON   BANK0   BANK1   BANK2   BANK3   BANK4   BANK5   BANK6   BANK7   BANK8   BANK9  BANK10  BANK11  BANK12
      Params:         0       0       0       0       0       0       0       0       0       0       0       0       0       0
      Locals:         0       1       0       0       0       0       0       0       0       0       0       0       0       0
      Temps:          0       5       0       0       0       0       0       0       0       0       0       0       0       0
      Totals:         0       6       0       0       0       0       0       0       0       0       0       0       0       0
Total ram usage:        6 bytes
 Hardware stack levels used:    1
 Hardware stack levels required when called:    7
 This function calls:
		_NRF_Read_Register
		_NRF_Write_Register
		_PrintUART
		_UART_PNbase
 This function is called by:
		_main
 This function uses a non-reentrant model


 *************** function _UART_PNbase *****************
 Defined at:
		line 26 in file "01 - SRC/01_Appli/Application.c"
 Parameters:    Size  Location     Type
  Nbre            4    0[BANK0 ] unsigned long 
  Base            1    4[BANK0 ] unsigned char 
  string          2    5[BANK0 ] PTR unsigned char 
		 -> STR_10(3), STR_9(2), STR_8(2), STR_7(2), 
		 -> STR_6(2), STR_4(3), 
 Auto vars:     Size  Location     Type
  buf            32   12[BANK0 ] unsigned char [32]
  i               1   44[BANK0 ] unsigned char 
 Return value:  Size  Location     Type
                  1    wreg      void 
 Registers used:
		wreg, fsr0l, fsr0h, fsr1l, fsr1h, status,2, status,0, pclath, cstack
 Tracked objects:
		On entry : 
		On exit  : 
		Unchanged: 
 Data sizes:     COMMON   BANK0   BANK1   BANK2   BANK3   BANK4   BANK5   BANK6   BANK7   BANK8   BANK9  BANK10  BANK11  BANK12
      Params:         0       7       0       0       0       0       0       0       0       0       0       0       0       0
      Locals:         0      33       0       0       0       0       0       0       0       0       0       0       0       0
      Temps:          0       5       0       0       0       0       0       0       0       0       0       0       0       0
      Totals:         0      45       0       0       0       0       0       0       0       0       0       0       0       0
Total ram usage:       45 bytes
 Hardware stack levels used:    1
 Hardware stack levels required when called:    6
 This function calls:
[...]
      Temps:          2       0       0       0       0       0       0       0       0       0       0       0       0       0
      Totals:         6       0       0       0       0       0       0       0       0       0       0       0       0       0
Total ram usage:        6 bytes
 Hardware stack levels used:    1
 Hardware stack levels required when called:    5
 This function calls:
		Absolute function
		_SoftSPI_Exchange
 This function is called by:
		_NRF_SET_PRX
 This function uses a non-reentrant model


 *************** function _SoftSPI_Exchange *****************
 Defined at:
		line 3 in file "01 - SRC/02_Soft_SPI/Soft_SPI.c"
 Parameters:    Size  Location     Type
  TxByte          1    0[COMMON] unsigned char 
 Auto vars:     Size  Location     Type
  i               1    4[COMMON] unsigned char 
  RxByte          1    3[COMMON] unsigned char 
 Return value:  Size  Location     Type
                  1    wreg      unsigned char 
 Registers used:
		wreg, status,2, status,0
 Tracked objects:
		On entry : 
		On exit  : 
		Unchanged: 
 Data sizes:     COMMON   BANK0   BANK1   BANK2   BANK3   BANK4   BANK5   BANK6   BANK7   BANK8   BANK9  BANK10  BANK11  BANK12
      Params:         1       0       0       0       0       0       0       0       0       0       0       0       0       0
      Locals:         2       0       0       0       0       0       0       0       0       0       0       0       0       0
      Temps:          2       0       0       0       0       0       0       0       0       0       0       0       0       0
      Totals:         5       0       0       0       0       0       0       0       0       0       0       0       0       0
Total ram usage:        5 bytes
 Hardware stack levels used:    1
 Hardware stack levels required when called:    4
 This function calls:
		Nothing
 This function is called by:
		_NRF24L01_Init
		_NRF_Write_Register
		_NRF_Read_Register
		_main
 This function uses a non-reentrant model


 *************** function _NRF24L01_Init *****************
 Defined at:
		line 9 in file "01 - SRC/03_NRF24L01/NRF24L01.c"
 Parameters:    Size  Location     Type
		None
 Auto vars:     Size  Location     Type
		None
 Return value:  Size  Location     Type
                  1    wreg      void 
 Registers used:
		wreg, status,2, status,0, pclath, cstack
 Tracked objects:
		On entry : 
		On exit  : 
		Unchanged: 
 Data sizes:     COMMON   BANK0   BANK1   BANK2   BANK3   BANK4   BANK5   BANK6   BANK7   BANK8   BANK9  BANK10  BANK11  BANK12
      Params:         0       0       0       0       0       0       0       0       0       0       0       0       0       0
      Locals:         0       0       0       0       0       0       0       0       0       0       0       0       0       0
      Temps:          1       0       0       0       0       0       0       0       0       0       0       0       0       0
      Totals:         1       0       0       0       0       0       0       0       0       0       0       0       0       0
Total ram usage:        1 bytes
 Hardware stack levels used:    1
 Hardware stack levels required when called:    5
 This function calls:
		_Set_SPI_Handler
 This function is called by:
		_main
 This function uses a non-reentrant model


 *************** function _Set_SPI_Handler *****************
 Defined at:
		line 77 in file "01 - SRC/03_NRF24L01/NRF24L01.c"
 Parameters:    Size  Location     Type
  SPI_Handler     2    0[COMMON] PTR FTN(unsigned char ,)
		 -> SoftSPI_Exchange(1), 
 Auto vars:     Size  Location     Type
		None
 Return value:  Size  Location     Type
                  1    wreg      void 
 Registers used:
		wreg
 Tracked objects:
		On entry : 
		On exit  : 
		Unchanged: 
 Data sizes:     COMMON   BANK0   BANK1   BANK2   BANK3   BANK4   BANK5   BANK6   BANK7   BANK8   BANK9  BANK10  BANK11  BANK12
      Params:         2       0       0       0       0       0       0       0       0       0       0       0       0       0
      Locals:         0       0       0       0       0       0       0       0       0       0       0       0       0       0
      Temps:          0       0       0       0       0       0       0       0       0       0       0       0       0       0
      Totals:         2       0       0       0       0       0       0       0       0       0       0       0       0       0
Total ram usage:        2 bytes
 Hardware stack levels used:    1
 Hardware stack levels required when called:    4
 This function calls:
		Nothing
 This function is called by:
		_NRF24L01_Init
 This function uses a non-reentrant model


 *************** function _AppInit *****************
 Defined at:
		line 11 in file "01 - SRC/01_Appli/Application.c"
 Parameters:    Size  Location     Type
		None
 Auto vars:     Size  Location     Type
		None
 Return value:  Size  Location     Type
                  1    wreg      void 
 Registers used:
		wreg, fsr0l, fsr0h, status,2, status,0, pclath, cstack
 Tracked objects:
		On entry : 
		On exit  : 
		Unchanged: 
 Data sizes:     COMMON   BANK0   BANK1   BANK2   BANK3   BANK4   BANK5   BANK6   BANK7   BANK8   BANK9  BANK10  BANK11  BANK12
      Params:         0       0       0       0       0       0       0       0       0       0       0       0       0       0
      Locals:         0       0       0       0       0       0       0       0       0       0       0       0       0       0
      Temps:          0       0       0       0       0       0       0       0       0       0       0       0       0       0
      Totals:         0       0       0       0       0       0       0       0       0       0       0       0       0       0
Total ram usage:        0 bytes
 Hardware stack levels used:    1
 Hardware stack levels required when called:    6
 This function calls:
		_PrintUART
 This function is called by:
		_main
 This function uses a non-reentrant model


 *************** function _PrintUART *****************
 Defined at:
		line 16 in file "01 - SRC/01_Appli/Application.c"
 Parameters:    Size  Location     Type
  string          2    1[COMMON] PTR unsigned char 
		 -> STR_10(3), STR_9(2), STR_8(2), STR_7(2), 
		 -> STR_6(2), STR_5(18), STR_4(3), STR_3(24), 
		 -> STR_2(17), 
 Auto vars:     Size  Location     Type
  i               2    4[COMMON] unsigned short 
 Return value:  Size  Location     Type
                  1    wreg      void 
 Registers used:
		wreg, fsr0l, fsr0h, status,2, status,0, pclath, cstack
 Tracked objects:
		On entry : 
		On exit  : 
		Unchanged: 
 Data sizes:     COMMON   BANK0   BANK1   BANK2   BANK3   BANK4   BANK5   BANK6   BANK7   BANK8   BANK9  BANK10  BANK11  BANK12
      Params:         2       0       0       0       0       0       0       0       0       0       0       0       0       0
      Locals:         2       0       0       0       0       0       0       0       0       0       0       0       0       0
      Temps:          1       0       0       0       0       0       0       0       0       0       0       0       0       0
      Totals:         5       0       0       0       0       0       0       0       0       0       0       0       0       0
Total ram usage:        5 bytes
 Hardware stack levels used:    1
 Hardware stack levels required when called:    5
 This function calls:
		_EUSART_Write
 This function is called by:
		_AppInit
		_UART_PNbase
		_NRF_SET_PRX
 This function uses a non-reentrant model


 *************** function _EUSART_Write *****************
 Defined at:
		line 132 in file "01 - SRC/05_MCC_16F1575/eusart.c"
 Parameters:    Size  Location     Type
  txData          1    wreg     unsigned char 
 Auto vars:     Size  Location     Type
  txData          1    0[COMMON] unsigned char 
 Return value:  Size  Location     Type
                  1    wreg      void 
 Registers used:
		wreg
 Tracked objects:
		On entry : 
		On exit  : 
		Unchanged: 
 Data sizes:     COMMON   BANK0   BANK1   BANK2   BANK3   BANK4   BANK5   BANK6   BANK7   BANK8   BANK9  BANK10  BANK11  BANK12
      Params:         0       0       0       0       0       0       0       0       0       0       0       0       0       0
      Locals:         1       0       0       0       0       0       0       0       0       0       0       0       0       0
      Temps:          0       0       0       0       0       0       0       0       0       0       0       0       0       0
      Totals:         1       0       0       0       0       0       0       0       0       0       0       0       0       0
Total ram usage:        1 bytes
 Hardware stack levels used:    1
 Hardware stack levels required when called:    4
 This function calls:
		Nothing
 This function is called by:
		_PrintUART
		_UART_PNbase
		_UART_crlf
 This function uses a non-reentrant model


 *************** function _INTERRUPT_InterruptManager *****************
 Defined at:
		line 52 in file "01 - SRC/05_MCC_16F1575/interrupt_manager.c"
 Parameters:    Size  Location     Type
		None
 Auto vars:     Size  Location     Type
		None
 Return value:  Size  Location     Type
                  1    wreg      void 
 Registers used:
		wreg, status,2, status,0, pclath, cstack
 Tracked objects:
		On entry : 
		On exit  : 
		Unchanged: 
 Data sizes:     COMMON   BANK0   BANK1   BANK2   BANK3   BANK4   BANK5   BANK6   BANK7   BANK8   BANK9  BANK10  BANK11  BANK12
      Params:         0       0       0       0       0       0       0       0       0       0       0       0       0       0
      Locals:         0       0       0       0       0       0       0       0       0       0       0       0       0       0
      Temps:          0       0       0       0       0       0       0       0       0       0       0       0       0       0
      Totals:         0       0       0       0       0       0       0       0       0       0       0       0       0       0
Total ram usage:        0 bytes
 Hardware stack levels used:    1
 Hardware stack levels required when called:    3
 This function calls:
		_PIN_MANAGER_IOC
		_TMR0_ISR
 This function is called by:
		Interrupt level 1
 This function uses a non-reentrant model


 *************** function _TMR0_ISR *****************
 Defined at:
		line 108 in file "01 - SRC/05_MCC_16F1575/tmr0.c"
 Parameters:    Size  Location     Type
		None
 Auto vars:     Size  Location     Type
		None
 Return value:  Size  Location     Type
                  1    wreg      void 
 Registers used:
		wreg, status,2, status,0, pclath, cstack
 Tracked objects:
		On entry : 
		On exit  : 
		Unchanged: 
 Data sizes:     COMMON   BANK0   BANK1   BANK2   BANK3   BANK4   BANK5   BANK6   BANK7   BANK8   BANK9  BANK10  BANK11  BANK12
      Params:         0       0       0       0       0       0       0       0       0       0       0       0       0       0
      Locals:         0       0       0       0       0       0       0       0       0       0       0       0       0       0
      Temps:          0       0       0       0       0       0       0       0       0       0       0       0       0       0
      Totals:         0       0       0       0       0       0       0       0       0       0       0       0       0       0
Total ram usage:        0 bytes
 Hardware stack levels used:    1
 Hardware stack levels required when called:    1
 This function calls:
		Absolute function
		_TMR0_DefaultInterruptHandler
 This function is called by:
		_INTERRUPT_InterruptManager
 This function uses a non-reentrant model


 *************** function _TMR0_DefaultInterruptHandler *****************
 Defined at:
		line 129 in file "01 - SRC/05_MCC_16F1575/tmr0.c"
 Parameters:    Size  Location     Type
		None
 Auto vars:     Size  Location     Type
		None
 Return value:  Size  Location     Type
                  1    wreg      void 
 Registers used:
		wreg
 Tracked objects:
		On entry : 
		On exit  : 
		Unchanged: 
 Data sizes:     COMMON   BANK0   BANK1   BANK2   BANK3   BANK4   BANK5   BANK6   BANK7   BANK8   BANK9  BANK10  BANK11  BANK12
      Params:         0       0       0       0       0       0       0       0       0       0       0       0       0       0
      Locals:         0       0       0       0       0       0       0       0       0       0       0       0       0       0
      Temps:          0       0       0       0       0       0       0       0       0       0       0       0       0       0
      Totals:         0       0       0       0       0       0       0       0       0       0       0       0       0       0
Total ram usage:        0 bytes
 Hardware stack levels used:    1
 This function calls:
		Nothing
 This function is called by:
		_TMR0_Initialize
		_TMR0_ISR
 This function uses a non-reentrant model


 *************** function _PIN_MANAGER_IOC *****************
 Defined at:
		line 127 in file "01 - SRC/05_MCC_16F1575/pin_manager.c"
 Parameters:    Size  Location     Type
		None
 Auto vars:     Size  Location     Type
		None
 Return value:  Size  Location     Type
                  1    wreg      void 
 Registers used:
		wreg, status,2, status,0, pclath, cstack
 Tracked objects:
		On entry : 
		On exit  : 
		Unchanged: 
 Data sizes:     COMMON   BANK0   BANK1   BANK2   BANK3   BANK4   BANK5   BANK6   BANK7   BANK8   BANK9  BANK10  BANK11  BANK12
      Params:         0       0       0       0       0       0       0       0       0       0       0       0       0       0
      Locals:         0       0       0       0       0       0       0       0       0       0       0       0       0       0
      Temps:          0       0       0       0       0       0       0       0       0       0       0       0       0       0
      Totals:         0       0       0       0       0       0       0       0       0       0       0       0       0       0
Total ram usage:        0 bytes
 Hardware stack levels used:    1
 Hardware stack levels required when called:    2
 This function calls:
		_IOCAF5_ISR
 This function is called by:
		_INTERRUPT_InterruptManager
 This function uses a non-reentrant model


 *************** function _IOCAF5_ISR *****************
 Defined at:
		line 139 in file "01 - SRC/05_MCC_16F1575/pin_manager.c"
 Parameters:    Size  Location     Type
		None
 Auto vars:     Size  Location     Type
		None
 Return value:  Size  Location     Type
                  1    wreg      void 
 Registers used:
		wreg, status,2, status,0, pclath, cstack
 Tracked objects:
		On entry : 
		On exit  : 
		Unchanged: 
 Data sizes:     COMMON   BANK0   BANK1   BANK2   BANK3   BANK4   BANK5   BANK6   BANK7   BANK8   BANK9  BANK10  BANK11  BANK12
      Params:         0       0       0       0       0       0       0       0       0       0       0       0       0       0
      Locals:         0       0       0       0       0       0       0       0       0       0       0       0       0       0
      Temps:          0       0       0       0       0       0       0       0       0       0       0       0       0       0
      Totals:         0       0       0       0       0       0       0       0       0       0       0       0       0       0
Total ram usage:        0 bytes
 Hardware stack levels used:    1
 Hardware stack levels required when called:    1
 This function calls:
		Absolute function
		_IOCAF5_DefaultInterruptHandler
 This function is called by:
		_PIN_MANAGER_IOC
 This function uses a non-reentrant model


 *************** function _IOCAF5_DefaultInterruptHandler *****************
 Defined at:
		line 161 in file "01 - SRC/05_MCC_16F1575/pin_manager.c"
 Parameters:    Size  Location     Type
		None
 Auto vars:     Size  Location     Type
		None
 Return value:  Size  Location     Type
                  1    wreg      void 
 Registers used:
		None
 Tracked objects:
		On entry : 
		On exit  : 
		Unchanged: 
 Data sizes:     COMMON   BANK0   BANK1   BANK2   BANK3   BANK4   BANK5   BANK6   BANK7   BANK8   BANK9  BANK10  BANK11  BANK12
      Params:         0       0       0       0       0       0       0       0       0       0       0       0       0       0
      Locals:         0       0       0       0       0       0       0       0       0       0       0       0       0       0
      Temps:          0       0       0       0       0       0       0       0       0       0       0       0       0       0
      Totals:         0       0       0       0       0       0       0       0       0       0       0       0       0       0
Total ram usage:        0 bytes
 Hardware stack levels used:    1
 This function calls:
		Nothing
 This function is called by:
		_PIN_MANAGER_Initialize
		_IOCAF5_ISR
 This function uses a non-reentrant model



MODULE INFORMATION

Module		Function		Class		Link	Load	Size
01 - SRC/05_MCC_16F1575/pwm1.c
		_PWM1_Initialize		CODE           	04A4	0000	25
		_PWM1_Start    		CODE           	0599	0000	4
		_PWM1_LoadBufferSet		CODE           	059C	0000	4
		_PWM1_DutyCycleSet		CODE           	057D	0000	7

01 - SRC/05_MCC_16F1575/pwm1.c estimated size: 40

C:\Program Files (x86)\Microchip\xc8\v2.05\pic\sources\c99\common\llmod.c
		___llmod       		CODE           	0329	0000	67

C:\Program Files (x86)\Microchip\xc8\v2.05\pic\sources\c99\common\llmod.c estimated size: 67

01 - SRC/01_Appli/Application.c
		_AppInit       		CODE           	0558	0000	8
		_PrintUART     		CODE           	044C	0000	34
		_UART_PNbase   		CODE           	01F4	0000	115

01 - SRC/01_Appli/Application.c estimated size: 157

01 - SRC/02_Soft_SPI/Soft_SPI.c
		_SoftSPI_Exchange		CODE           	036B	0000	54

01 - SRC/02_Soft_SPI/Soft_SPI.c estimated size: 54

01 - SRC/05_MCC_16F1575/interrupt_manager.c
		_INTERRUPT_InterruptManager		CODE           	0004	0000	17

01 - SRC/05_MCC_16F1575/interrupt_manager.c estimated size: 17

01 - SRC/03_NRF24L01/NRF24L01.c
		_NRF_Write_Register		CODE           	03FF	0000	45
		_NRF24L01_Init 		CODE           	046D	0000	32
		_NRF_SET_PRX   		CODE           	012D	0000	200
		_NRF_Read_Register		CODE           	03D1	0000	47
		_Set_SPI_Handler		CODE           	0583	0000	7

01 - SRC/03_NRF24L01/NRF24L01.c estimated size: 331

01 - SRC/05_MCC_16F1575/tmr0.c
		_TMR0_SetInterruptHandler		CODE           	055F	0000	7
		_TMR0_DefaultInterruptHandler		CODE           	0589	0000	7
		_TMR0_ISR      		CODE           	052E	0000	15
		_TMR0_Initialize		CODE           	04BC	0000	24

01 - SRC/05_MCC_16F1575/tmr0.c estimated size: 53

01 - SRC/05_MCC_16F1575/pin_manager.c
		_IOCAF5_SetInterruptHandler		CODE           	0565	0000	7
		_PIN_MANAGER_Initialize		CODE           	03A0	0000	50
		_IOCAF5_DefaultInterruptHandler		CODE           	05A1	0000	2
		_IOCAF5_ISR    		CODE           	053C	0000	14
		_PIN_MANAGER_IOC		CODE           	058F	0000	7

01 - SRC/05_MCC_16F1575/pin_manager.c estimated size: 80

01 - SRC/05_MCC_16F1575/eusart.c
		_EUSART_Write  		CODE           	0549	0000	9
		_EUSART_Initialize		CODE           	042B	0000	34
		_EUSART_SetFramingErrorHandler		CODE           	0571	0000	7
		_EUSART_SetErrorHandler		CODE           	0577	0000	7
		_EUSART_SetOverrunErrorHandler		CODE           	056B	0000	7

01 - SRC/05_MCC_16F1575/eusart.c estimated size: 64

01 - SRC/05_MCC_16F1575/mcc.c
		_WDT_Initialize		CODE           	0595	0000	5
		_OSCILLATOR_Initialize		CODE           	0551	0000	8
		_SYSTEM_Initialize		CODE           	04D3	0000	22

01 - SRC/05_MCC_16F1575/mcc.c estimated size: 35

C:\Program Files (x86)\Microchip\xc8\v2.05\pic\sources\c99\common\__lldiv.c
		___lldiv       		CODE           	02D7	0000	83

C:\Program Files (x86)\Microchip\xc8\v2.05\pic\sources\c99\common\__lldiv.c estimated size: 83

shared
		__initialization		CODE           	0016	0000	20
		_SineTab       		STRCODE        	002D	0000	257

shared estimated size: 277

01 - SRC/05_MCC_16F1575/tmr1.c
		_TMR1_Initialize		CODE           	04FA	0000	19

01 - SRC/05_MCC_16F1575/tmr1.c estimated size: 19

main.c
		_main          		CODE           	0266	0000	114

main.c estimated size: 114

